{
  "status": "PASS",
  "checked_at": 1790491309.192525,
  "checks_count": 309,
  "checks": [
    "deployed manifest equals recorded launch manifest",
    "bundle:PROTOCOL.md",
    "bundle:baseline/comparison_verified.json",
    "bundle:baseline/gamma2_hha.json",
    "bundle:baseline/gamma2_relplus.json",
    "bundle:baseline/hha.json",
    "bundle:baseline/relplus.json",
    "bundle:baseline/smoke_status.json",
    "bundle:baseline/suite.json",
    "bundle:baseline_gamma1/comparison.json",
    "bundle:baseline_gamma1/hha.json",
    "bundle:baseline_gamma1/relplus.json",
    "bundle:baseline_gamma1/suite.json",
    "bundle:evaluation/LOCAL_VALIDATION.json",
    "bundle:evaluation/PROTOCOL.json",
    "bundle:evaluation/audit_eval.py",
    "bundle:evaluation/compare_results.py",
    "bundle:evaluation/eval_rank.py",
    "bundle:evaluation/input_adapter.py",
    "bundle:evaluation/run_evaluation.py",
    "bundle:evaluation/test_evaluation_contract.py",
    "bundle:frozen_integrity.json",
    "bundle:launch_phase.py",
    "bundle:pipeline.py",
    "bundle:preflight.py",
    "bundle:resource_guard.py",
    "bundle:run_arm.py",
    "bundle:run_suite.py",
    "bundle:source/config.py",
    "bundle:source/configs/__init__.py",
    "bundle:source/configs/stanford2d3d_s2d/__init__.py",
    "bundle:source/configs/stanford2d3d_s2d/cmx_mit_b2_hha_three_arm_v1.py",
    "bundle:source/configs/stanford2d3d_s2d/cmx_mit_b2_hha_v2_2_formal.py",
    "bundle:source/configs/stanford2d3d_s2d/cmx_mit_b2_rel_plus_v2_1_formal.py",
    "bundle:source/configs/stanford2d3d_s2d/cmx_mit_b2_rel_plus_v2_1_pilot.py",
    "bundle:source/configs/stanford2d3d_s2d/cmx_mit_b2_rel_plus_v2_2_formal.py",
    "bundle:source/configs/stanford2d3d_s2d/cmx_mit_b2_rel_plus_v2_2_pilot.py",
    "bundle:source/configs/stanford2d3d_s2d/cmx_mit_b2_rel_plus_v2_3_formal.py",
    "bundle:source/configs/stanford2d3d_s2d/cmx_mit_b2_rgbd_three_arm_v1.py",
    "bundle:source/configs/stanford2d3d_s2d/cmx_mit_b2_rgbd_v2_2_formal.py",
    "bundle:source/configs/stanford2d3d_s2d/common.py",
    "bundle:source/configs/stanford2d3d_s2d/comparison_three_arm_v1.py",
    "bundle:source/configs/stanford2d3d_s2d/comparison_v2_2.py",
    "bundle:source/configs/stanford2d3dpano/__init__.py",
    "bundle:source/configs/stanford2d3dpano/cmx_mit_b2_rel.py",
    "bundle:source/configs/stanford2d3dpano/cmx_mit_b2_rel_plus_v2_1.py",
    "bundle:source/configs/stanford2d3dpano/cmx_mit_b2_rel_smoke.py",
    "bundle:source/configs/stanford2d3dpano/fold1.py",
    "bundle:source/dataloader/RGBXDataset.py",
    "bundle:source/dataloader/data_setting.py",
    "bundle:source/dataloader/dataloader.py",
    "bundle:source/dataloader/profiles.py",
    "bundle:source/dataloader/samplers.py",
    "bundle:source/engine/__init__.py",
    "bundle:source/engine/dist_test.py",
    "bundle:source/engine/engine.py",
    "bundle:source/engine/evaluator.py",
    "bundle:source/engine/logger.py",
    "bundle:source/engine/relplus_evaluator.py",
    "bundle:source/eval.py",
    "bundle:source/models/__init__.py",
    "bundle:source/models/builder.py",
    "bundle:source/models/decoders/MLPDecoder.py",
    "bundle:source/models/decoders/UPernet.py",
    "bundle:source/models/decoders/deeplabv3plus.py",
    "bundle:source/models/decoders/fcnhead.py",
    "bundle:source/models/encoders/dual_segformer.py",
    "bundle:source/models/encoders/dual_swin.py",
    "bundle:source/models/net_utils.py",
    "bundle:source/rel_plus/__init__.py",
    "bundle:source/rel_plus/camera.py",
    "bundle:source/rel_plus/constants.py",
    "bundle:source/rel_plus/depth.py",
    "bundle:source/rel_plus/encoding.py",
    "bundle:source/rel_plus/generator.py",
    "bundle:source/rel_plus/geometry.py",
    "bundle:source/rel_plus/integration/__init__.py",
    "bundle:source/rel_plus/integration/cmx_preprocess.py",
    "bundle:source/rel_plus/normal_diagnostics.py",
    "bundle:source/rel_plus/policy.py",
    "bundle:source/rel_plus/profiles.py",
    "bundle:source/rel_plus/source_helpers.py",
    "bundle:source/rel_plus/stanford_s2d.py",
    "bundle:source/rel_plus/storage.py",
    "bundle:source/rel_plus/validation/__init__.py",
    "bundle:source/rel_plus/validation/canonical_geometry.py",
    "bundle:source/rel_plus/validation/geometry_oracle.py",
    "bundle:source/rel_plus/validation/pose_physics.py",
    "bundle:source/rel_plus/validation/v1_v2_diff.py",
    "bundle:source/tests/__init__.py",
    "bundle:source/tests/conftest.py",
    "bundle:source/tests/helpers.py",
    "bundle:source/tests/run_rel_integration_smoke.py",
    "bundle:source/tests/test_augmentation_contract.py",
    "bundle:source/tests/test_camera_resolution_contract.py",
    "bundle:source/tests/test_canonical_geometry.py",
    "bundle:source/tests/test_channel_sentinel.py",
    "bundle:source/tests/test_cmx_data_contract.py",
    "bundle:source/tests/test_cmx_eval_contract.py",
    "bundle:source/tests/test_cmx_training_protocol.py",
    "bundle:source/tests/test_comparison_transform_profile.py",
    "bundle:source/tests/test_encoding_units.py",
    "bundle:source/tests/test_end_to_end_planes.py",
    "bundle:source/tests/test_formal_configs_and_guards.py",
    "bundle:source/tests/test_generator_byte_invariant_integration.py",
    "bundle:source/tests/test_generator_contract.py",
    "bundle:source/tests/test_gravity_singularity.py",
    "bundle:source/tests/test_invalid_input_contract.py",
    "bundle:source/tests/test_invalid_label_diagnostics.py",
    "bundle:source/tests/test_live_source_integration.py",
    "bundle:source/tests/test_normal_policy.py",
    "bundle:source/tests/test_pilot_selection.py",
    "bundle:source/tests/test_pose_physics.py",
    "bundle:source/tests/test_preflight_dataset.py",
    "bundle:source/tests/test_review_batch_failure.py",
    "bundle:source/tests/test_source_encoder_regression.py",
    "bundle:source/tests/test_source_normal_regression.py",
    "bundle:source/tests/test_source_rotation_regression.py",
    "bundle:source/tests/test_three_arm_v1.py",
    "bundle:source/tests/test_v1_v2_diff.py",
    "bundle:source/tests/test_v2_1_camera_profile.py",
    "bundle:source/tests/test_v2_2_infrastructure.py",
    "bundle:source/tests/test_v2_3_infrastructure.py",
    "bundle:source/tests/validate_rel_plus_v2_1_loader.py",
    "bundle:source/third_party/__init__.py",
    "bundle:source/third_party/rel_original/__init__.py",
    "bundle:source/third_party/rel_original/hha_util.py",
    "bundle:source/third_party/rel_original/rel.py",
    "bundle:source/third_party/rel_original/rgbd_util.py",
    "bundle:source/tools/adjudicate_relplus_200_step_equivalence_v1.py",
    "bundle:source/tools/analyze_pilot_invalid.py",
    "bundle:source/tools/audit_full_relplus_cache.py",
    "bundle:source/tools/audit_mit_b2_initialization.py",
    "bundle:source/tools/audit_s3d_data.py",
    "bundle:source/tools/audit_three_arm_dataloader_trajectories_v1.py",
    "bundle:source/tools/audit_three_arm_model_initialization_v1.py",
    "bundle:source/tools/audit_three_arm_x_modalities_v2_3.py",
    "bundle:source/tools/benchmark_cache_throughput_v2_3.py",
    "bundle:source/tools/benchmark_dataloader_v2_2.py",
    "bundle:source/tools/build_fold1_visualizations.py",
    "bundle:source/tools/build_full_manifest.py",
    "bundle:source/tools/collect_v2_2_evidence.py",
    "bundle:source/tools/compare_epoch200_evaluations_v1.py",
    "bundle:source/tools/compare_relplus_200_step_trajectories_v1.py",
    "bundle:source/tools/compare_sampler_epoch_sequences_v1.py",
    "bundle:source/tools/compare_three_resolved_configs.py",
    "bundle:source/tools/compare_v1_v2.py",
    "bundle:source/tools/compare_v2_v2_1.py",
    "bundle:source/tools/create_source_golden_fixture.py",
    "bundle:source/tools/eval_checkpoint_sweep_v2_2.py",
    "bundle:source/tools/eval_checkpoint_sweep_v2_3.py",
    "bundle:source/tools/eval_fold1.py",
    "bundle:source/tools/eval_rel_plus_v2_1.py",
    "bundle:source/tools/eval_rel_plus_v2_1_smoke.py",
    "bundle:source/tools/eval_rel_plus_v2_2_full.py",
    "bundle:source/tools/eval_rel_plus_v2_3_full.py",
    "bundle:source/tools/export_resolved_config.py",
    "bundle:source/tools/export_sampler_epoch_sequences_v1.py",
    "bundle:source/tools/finalize_fold1_results.py",
    "bundle:source/tools/finalize_pretrain_audit.py",
    "bundle:source/tools/generate_full_relplus_cache.py",
    "bundle:source/tools/generate_pilot_cache.py",
    "bundle:source/tools/generate_rel_plus.py",
    "bundle:source/tools/generate_review_samples.py",
    "bundle:source/tools/generate_stanford2d3d_rel.py",
    "bundle:source/tools/launch_formal_training_v2_3.py",
    "bundle:source/tools/launch_three_arm_training_v1.py",
    "bundle:source/tools/preflight_cmx_training_data_v2_2.py",
    "bundle:source/tools/preflight_cmx_training_data_v2_3.py",
    "bundle:source/tools/preflight_dataset.py",
    "bundle:source/tools/preflight_fold1.py",
    "bundle:source/tools/preflight_sliding_fold1.py",
    "bundle:source/tools/prepare_cmx_rel_smoke_data.py",
    "bundle:source/tools/run_and_record_exitcode.py",
    "bundle:source/tools/run_ddp_optimizer_smoke_v2_3.py",
    "bundle:source/tools/run_relplus_200_step_trajectory_v1.py",
    "bundle:source/tools/run_with_config.py",
    "bundle:source/tools/smoke_pilot_loaders.py",
    "bundle:source/tools/summarize_checkpoints.py",
    "bundle:source/tools/trace_comparison_profile.py",
    "bundle:source/tools/trace_three_arm_dataloaders_v2_2.py",
    "bundle:source/tools/validate_cache_tools_smoke_v2_2.py",
    "bundle:source/tools/validate_eval_rank_consistency_v2_2.py",
    "bundle:source/tools/validate_eval_rank_consistency_v2_3.py",
    "bundle:source/tools/validate_formal_startup_no_step_v2_2.py",
    "bundle:source/tools/validate_real_geometry.py",
    "bundle:source/tools/validate_single_batch_v2_1.py",
    "bundle:source/tools/verify_generator_byte_invariant.py",
    "bundle:source/tools/visualize_rel_plus.py",
    "bundle:source/train.py",
    "bundle:source/utils/__init__.py",
    "bundle:source/utils/init_func.py",
    "bundle:source/utils/load_utils.py",
    "bundle:source/utils/loss_opr.py",
    "bundle:source/utils/lr_policy.py",
    "bundle:source/utils/metric.py",
    "bundle:source/utils/pyt_utils.py",
    "bundle:source/utils/resolved_config.py",
    "bundle:source/utils/training_protocol.py",
    "bundle:source/utils/training_runtime.py",
    "bundle:source/utils/transforms.py",
    "bundle:source/utils/visualize.py",
    "bundle:suite.json",
    "bundle:suite_common.py",
    "bundle:tests/test_contract.py",
    "bundle:tests/test_gamma_isolation.py",
    "bundle:tests/test_run_suite.py",
    "all stages PASS",
    "exact completed stages",
    "training records unchanged",
    "evaluation bundle manifest unchanged",
    "training prerequisites unchanged",
    "both pinned baselines unchanged",
    "arm completed:hha",
    "training endpoint:hha",
    "training exit and NaN:hha",
    "no rank error:hha",
    "actual rank initialization:hha:0",
    "done:hha:0",
    "actual rank initialization:hha:1",
    "done:hha:1",
    "actual rank initialization:hha:2",
    "done:hha:2",
    "actual rank initialization:hha:3",
    "done:hha:3",
    "actual rank initialization:hha:4",
    "done:hha:4",
    "actual rank initialization:hha:5",
    "done:hha:5",
    "actual rank initialization:hha:6",
    "done:hha:6",
    "actual rank initialization:hha:7",
    "done:hha:7",
    "resolved config unchanged:hha",
    "config baseline comparison:hha",
    "input evidence:hha:cache_audit_report",
    "input evidence:hha:cache_generation_report",
    "input evidence:hha:class_mapping",
    "input evidence:hha:dataloader_trace_report",
    "input evidence:hha:ddp_smoke_report",
    "input evidence:hha:eval_source",
    "input evidence:hha:evaluator_equivalence_report",
    "input evidence:hha:evaluator_rank_consistency_report",
    "input evidence:hha:full_manifest",
    "input evidence:hha:generation_resolved_manifest_path",
    "input evidence:hha:input_audit_report",
    "input evidence:hha:model_initialization_report",
    "input evidence:hha:resolved_manifest_path",
    "input evidence:hha:sampler_sequence_report",
    "input evidence:hha:train_source",
    "input evidence:hha:training_code_equivalence_report",
    "input evidence:hha:training_data_preflight_report",
    "current independent arm audit:hha",
    "training/evaluation checkpoint identity:hha",
    "evaluation rank completion:hha:0",
    "evaluation rank completion:hha:1",
    "evaluation rank completion:hha:2",
    "evaluation rank completion:hha:3",
    "evaluation rank completion:hha:4",
    "evaluation rank completion:hha:5",
    "evaluation rank completion:hha:6",
    "evaluation rank completion:hha:7",
    "arm completed:relplus",
    "training endpoint:relplus",
    "training exit and NaN:relplus",
    "no rank error:relplus",
    "actual rank initialization:relplus:0",
    "done:relplus:0",
    "actual rank initialization:relplus:1",
    "done:relplus:1",
    "actual rank initialization:relplus:2",
    "done:relplus:2",
    "actual rank initialization:relplus:3",
    "done:relplus:3",
    "actual rank initialization:relplus:4",
    "done:relplus:4",
    "actual rank initialization:relplus:5",
    "done:relplus:5",
    "actual rank initialization:relplus:6",
    "done:relplus:6",
    "actual rank initialization:relplus:7",
    "done:relplus:7",
    "resolved config unchanged:relplus",
    "config baseline comparison:relplus",
    "input evidence:relplus:cache_audit_report",
    "input evidence:relplus:cache_generation_report",
    "input evidence:relplus:class_mapping",
    "input evidence:relplus:ddp_smoke_report",
    "input evidence:relplus:eval_source",
    "input evidence:relplus:full_manifest",
    "input evidence:relplus:generation_resolved_manifest_path",
    "input evidence:relplus:resolved_manifest_path",
    "input evidence:relplus:train_source",
    "input evidence:relplus:training_data_preflight_report",
    "current independent arm audit:relplus",
    "training/evaluation checkpoint identity:relplus",
    "evaluation rank completion:relplus:0",
    "evaluation rank completion:relplus:1",
    "evaluation rank completion:relplus:2",
    "evaluation rank completion:relplus:3",
    "evaluation rank completion:relplus:4",
    "evaluation rank completion:relplus:5",
    "evaluation rank completion:relplus:6",
    "evaluation rank completion:relplus:7",
    "comparison entirely reconstructed",
    "old scientific weight unchanged:1:hha",
    "old scientific weight unchanged:1:relplus",
    "old scientific weight unchanged:2:hha",
    "old scientific weight unchanged:2:relplus"
  ],
  "bundle_file_count": 206,
  "input_file_count": 18,
  "input_sha256": {
    "/data/zhuzhaoziao/RELPlus/outputs/CMX_RELPlus_v2_3/formal_cache/audit/cache_audit_summary.json": "d5c89f0be2a564b8be1e42a7547e4baac4aa4a0ec40993c2b72afcdb43a40935",
    "/data/zhuzhaoziao/RELPlus/outputs/CMX_RELPlus_v2_3/formal_cache/cache_generation_summary.json": "2251b638832667dd0491c8b72fd6eda09b36c23ba32df7e41aebb56437ec31e8",
    "/data/zhuzhaoziao/cmx/datasets/Stanford2D3D_480/class_mapping.json": "21ccecf9e9772ee9cc4bb1e3296a742e594f9e31a31d2f4ca12748a2ae87b0d7",
    "/data/zhuzhaoziao/RELPlus/outputs/CMX_S2D_ThreeArm_v1/reports/dataloader/THREE_ARM_DATALOADER_CROSS_EPOCH_TRACE.json": "c8d54804c6b8bdcbb172987d5d3c6a161248edc75f2050b29a80447bac6726df",
    "/data/zhuzhaoziao/RELPlus/outputs/CMX_S2D_B56_LR12_FG15_20260924/attempt1/smoke/hha/ddp_optimizer_smoke_summary.json": "a172e02951b04aa686234ce16ba558f6a188d785eec0592901e32b7744ed63cc",
    "/data/zhuzhaoziao/RELPlus/outputs/CMX_RELPlus_v2_3/formal_cache/test.txt": "b9de196c6c1aa8f9ac37926910af0806ce59b91eb068998711ddbb78eb24423a",
    "/data/zhuzhaoziao/RELPlus/outputs/CMX_S2D_ThreeArm_v1/reports/evaluator/RELPLUS_EPOCH200_EVALUATOR_EQUIVALENCE.json": "04a05acd097ed05da279c0961b1e295c037930bc4f2603b83d467b2f6d0e46df",
    "/data/zhuzhaoziao/RELPlus/outputs/CMX_S2D_ThreeArm_v1/reports/evaluator/RELPLUS_EPOCH200_1GPU_VS_8GPU_CONFUSION_AUDIT.json": "b514e33a4beedc16ed771b48c3955f15b9f92753c02b435814a26bbabc0b01d2",
    "/data/zhuzhaoziao/RELPlus/outputs/REL_plus_v2_1_implementation/full_manifest.csv": "afb6912545a59645e0104d081e9078a3d296e0c4f6cababf8a541e1e8156a65e",
    "/data/zhuzhaoziao/RELPlus/outputs/CMX_RELPlus_v2_3/formal_cache/cache_manifest_resolved.csv": "c603ece954d9d08d8bdda058e66c82da2673e019d4e2a5f7531077315e42c76f",
    "/data/zhuzhaoziao/RELPlus/outputs/CMX_RELPlus_v2_3/reports/three_arm_data_contract.json": "e038020647be49b5b7e6c9cbb92ecb9b5f61e4ff07bb9fd878604fa0b7c48f41",
    "/data/zhuzhaoziao/RELPlus/outputs/CMX_S2D_ThreeArm_v1/reports/initialization/THREE_ARM_MODEL_INITIALIZATION_AUDIT.json": "a8876644e15d379ee2ea7a548410fca4804a86b2cba06ee9a7c67e5211e80f99",
    "/data/zhuzhaoziao/RELPlus/outputs/CMX_RELPlus_v2_3/formal_cache/audit/cache_manifest_resolved.csv": "0150a30a567aa89c322d21eb9bf42212145869ce3cd18c9bf4a15f9056a19c77",
    "/data/zhuzhaoziao/RELPlus/outputs/CMX_S2D_ThreeArm_v1/reports/sampler/OLD_VS_NEW_SAMPLER_SEQUENCE_AUDIT.json": "1d4f314a8aa7b1691359b47678109c9271777a507a642ee1d9acb1d0568f6606",
    "/data/zhuzhaoziao/RELPlus/outputs/CMX_RELPlus_v2_3/formal_cache/train.txt": "96788184f2a1b318a05395a2c6b3867759526e0adb612a90eb6af59b1491b011",
    "/data/zhuzhaoziao/RELPlus/outputs/CMX_S2D_ThreeArm_v1/reports/training_code_equivalence/TRAINING_CODE_EQUIVALENCE_AUDIT.json": "a8fa9a83f5d2e9f3d80a72bdfff33b52bb629e03948e4ec5609bfd3908cfeb61",
    "/data/zhuzhaoziao/RELPlus/outputs/CMX_RELPlus_v2_3/formal_cache/preflight/cmx_training_data_preflight_summary.json": "c9db3da8153133ede89d252f21630b003d1098ccaccee26a02c08c322b0bff84",
    "/data/zhuzhaoziao/RELPlus/outputs/CMX_S2D_B56_LR12_FG15_20260924/attempt1/smoke/relplus/ddp_optimizer_smoke_summary.json": "11ba9b4904826c8f02792a3560eb6a56050474e8895c74b335ad8de7c7decbcb"
  },
  "weights": [
    {
      "path": "/data/zhuzhaoziao/RELPlus/outputs/CMX_S2D_B56_LR12_FG15_20260924/attempt1/runs/hha/checkpoints/epoch-200.pth",
      "size": 799760393,
      "mtime_ns": "1790350172193791613",
      "sha256": "cb5d1d9a456a32f98952f9b1eb429e1393493988f17218511436042e889ac405",
      "arm": "hha",
      "gamma": 1.5
    },
    {
      "path": "/data/zhuzhaoziao/RELPlus/outputs/CMX_S2D_B56_LR12_FG15_20260924/attempt1/runs/relplus/checkpoints/epoch-200.pth",
      "size": 799760393,
      "mtime_ns": "1790481468675021594",
      "sha256": "1812ce2f4c1109b1ce5308a51e5a3aa06376a9f6abc8ffc43194ac6658358be6",
      "arm": "relplus",
      "gamma": 1.5
    },
    {
      "gamma": 1,
      "arm": "hha",
      "path": "/data/zhuzhaoziao/RELPlus/outputs/CMX_S2D_B56_LR12_FG1_20260920/attempt2/runs/hha/checkpoints/epoch-200.pth",
      "sha256": "d4d210ea92a473cc700b1660dff7da644e8d1b9934be759b216c0d4931ae2b4d",
      "size": 799760393,
      "mtime_ns": "1790049412856291533"
    },
    {
      "gamma": 1,
      "arm": "relplus",
      "path": "/data/zhuzhaoziao/RELPlus/outputs/CMX_S2D_B56_LR12_FG1_20260920/attempt2/runs/relplus/checkpoints/epoch-200.pth",
      "sha256": "6506a922b9d31919576b3f998864993a24ca7f07baca868d71a5ff3b6a581831",
      "size": 799760393,
      "mtime_ns": "1790180519036268283"
    },
    {
      "gamma": 2,
      "arm": "hha",
      "path": "/data/zhuzhaoziao/RELPlus/outputs/CMX_S2D_B56_LR12_20260915/attempt1/runs/hha/checkpoints/epoch-200.pth",
      "sha256": "c5cf78b12d2458a48fe5505a4b7099ef84308dd4790f8283c02a605ba05ccd03",
      "size": 799760393,
      "mtime_ns": "1789749725307515694"
    },
    {
      "gamma": 2,
      "arm": "relplus",
      "path": "/data/zhuzhaoziao/RELPlus/outputs/CMX_S2D_B56_LR12_20260915/attempt1/runs/relplus/checkpoints/epoch-200.pth",
      "sha256": "bf17b065bbbedf01f78c698b039c384c9b220a2332b24b930ca685db552e1232",
      "size": 799755424,
      "mtime_ns": "1789881013543257788"
    }
  ],
  "arm_times": {
    "hha": {
      "started_at": 1790218643.1793783,
      "finished_at": 1790350181.926403,
      "hours": 36.538540840215155
    },
    "relplus": {
      "started_at": 1790350181.9318845,
      "finished_at": 1790481481.3601227,
      "hours": 36.47206339948707
    }
  },
  "pipeline_finished_at": 1790481825.8927717,
  "evaluation_minutes": 5.741250165303549,
  "supervisor": {
    "pid": 2057311,
    "proc_exists": false,
    "recorded_starttime": "1088289304"
  },
  "gpu_csv": "0, 1 MiB, 25, 0 %\n1, 1 MiB, 26, 0 %\n2, 1 MiB, 25, 0 %\n3, 1 MiB, 27, 0 %\n4, 1 MiB, 25, 0 %\n5, 1 MiB, 25, 0 %\n6, 1 MiB, 25, 0 %\n7, 1 MiB, 25, 0 %\n",
  "compute_processes_csv": "",
  "metrics": {
    "hha": {
      "metric_unit": "fraction_0_to_1",
      "mIoU": 0.6047034660962765,
      "pixel_accuracy": 0.8234337649196739,
      "mean_accuracy": 0.6876393518402721,
      "mIoU_percent": 60.47034660962765,
      "pixel_accuracy_percent": 82.34337649196739,
      "mean_accuracy_percent": 68.76393518402722,
      "per_class_iou": [
        0.045830533059216465,
        0.7698460010777418,
        0.6671823553829368,
        0.91771270714125,
        0.8291690534288946,
        0.5176275193914417,
        0.21231610685700927,
        0.41778607151946534,
        0.9660814536812822,
        0.34959293799063773,
        0.7639701912208835,
        0.7675616874073361,
        0.6364684410935002
      ],
      "per_class_iou_percent": [
        4.583053305921647,
        76.98460010777418,
        66.71823553829368,
        91.771270714125,
        82.91690534288946,
        51.76275193914417,
        21.23161068570093,
        41.77860715194653,
        96.60814536812822,
        34.95929379906377,
        76.39701912208835,
        76.75616874073361,
        63.64684410935002
      ],
      "valid_pixel_count": 3973620198,
      "status": "PASS",
      "scientific_metric_reported": true,
      "integration_protocol_id": "CMX_S2D_THREE_ARM_V1",
      "representation_protocol_id": "HHA_FROZEN_CACHE_EXECUTABLE_ORDER",
      "checkpoint": "/data/zhuzhaoziao/RELPlus/outputs/CMX_S2D_B56_LR12_FG15_20260924/attempt1/runs/hha/checkpoints/epoch-200.pth",
      "checkpoint_epoch": 200,
      "evaluation_sample_count": 17593,
      "class_count": 13,
      "ignore_index": 255,
      "eval_scale_array": [
        1
      ],
      "eval_flip": false,
      "eval_crop_size": [
        480,
        480
      ],
      "eval_align_corners": false,
      "world_size": 8,
      "file_hash_written": false
    },
    "relplus": {
      "metric_unit": "fraction_0_to_1",
      "mIoU": 0.6116096760491045,
      "pixel_accuracy": 0.8343638356954013,
      "mean_accuracy": 0.6932064280830565,
      "mIoU_percent": 61.160967604910454,
      "pixel_accuracy_percent": 83.43638356954013,
      "mean_accuracy_percent": 69.32064280830565,
      "per_class_iou": [
        0.032201237896485,
        0.7258384581727294,
        0.6815875011091633,
        0.9263402369577449,
        0.8253272736055068,
        0.5195393074952225,
        0.25223770444901,
        0.5035928597507494,
        0.9653857723584823,
        0.31598812394595455,
        0.7661288902393804,
        0.7884429472069842,
        0.648315475450946
      ],
      "per_class_iou_percent": [
        3.2201237896485,
        72.58384581727294,
        68.15875011091633,
        92.63402369577449,
        82.53272736055068,
        51.95393074952225,
        25.223770444901,
        50.35928597507494,
        96.53857723584824,
        31.598812394595456,
        76.61288902393804,
        78.84429472069841,
        64.83154754509461
      ],
      "valid_pixel_count": 3973620198,
      "status": "PASS",
      "scientific_metric_reported": true,
      "integration_protocol_id": "CMX_RELPLUS_V2_3",
      "representation_protocol_id": "RELPLUS_V2_1_OFFLINE480_SOURCECOMPAT",
      "checkpoint": "/data/zhuzhaoziao/RELPlus/outputs/CMX_S2D_B56_LR12_FG15_20260924/attempt1/runs/relplus/checkpoints/epoch-200.pth",
      "checkpoint_epoch": 200,
      "evaluation_sample_count": 17593,
      "class_count": 13,
      "ignore_index": 255,
      "eval_scale_array": [
        1
      ],
      "eval_flip": false,
      "eval_crop_size": [
        480,
        480
      ],
      "eval_align_corners": false,
      "world_size": 8,
      "file_hash_written": false
    }
  },
  "candidate_screening": {
    "status": "FAIL",
    "checks": {
      "relplus_mIoU_strictly_above_gamma1": false,
      "hha_mIoU_at_least_gamma1": true
    },
    "metric": "mIoU_percent",
    "comparison_precision": "full stored float precision; no rounding before comparison",
    "scope": "Single-seed descriptive candidate screening; not a statistical superiority claim."
  }
}
